conventions

classes start with an uppercase character
  public class MyClass

Methods and variables start with a lowercase character
    void doSomething(String withThis) { }

Constants are all uppercase
    public  static final String FIRSTNAME = "Jhonny";


  checking java vm installed correctly

  ➜ java -version
openjdk version "1.8.0_252"
OpenJDK Runtime Environment (Zulu 8.46.0.19-CA-macosx) (build 1.8.0_252-b14)
OpenJDK 64-Bit Server VM (Zulu 8.46.0.19-CA-macosx) (build 25.252-b14, mixed mode)

My_Notes/java on  master [!] took 2s
➜ javac -version
javac 1.8.0_252


jshell
jshell

/exit :to exit

jshell> String s1 = "hello"
s1 ==> "hello"

jshell> s1
s1 ==> "hello"

jshell> var i1 = 5
i1 ==> 5

jshell> var i2 = 10
i2 ==> 10

jshell> var result = i1+i2
result ==> 15

/list
list current code

/save :save session to disk

jshell> /save myCommands.java

jshell> /open myCommands.java

jshell> /reset
|  Resetting state.

jshell> /open myCommands.java

jshell> /list

   1 : String s1 = "hello";
   2 : s1
   3 : var i1 = 5;
   4 : var i2 = 10;
   5 : var result = i1+i2;

jshell> /exit
|  Goodbye


On intellij marking the package and disabling "compact middle packages " display full path location for packages

for comipling the package:
My_Notes/java/java_essential/src on  master [!?]
➜ javac com/example/idea/Main.java

for running the package:
My_Notes/java/java_essential/src on  master [!?]
➜ java com.example.idea.Main

intellij
sout -> System.out.println();

ctrl + j : display documentation

java api docs 13 ...


Types can be set in numeric literals with alpha notation
var myInt = 5;
var MyFloat = 5f;
var myDouble = 5d;
var myLong = 5L;

Data Types    Bits Title     Minimum    Maximum
byte          8               -128        127
short         16              -32,768     32,767
int           32              -2^31       2^31 - 1
long          64              -2^63       2^63 - 1
float         32              docs
double        64              docs

Primitive Wrapper Classes
Primitive library includes wrapper classes for each Primitive
support conversion and formatting tools

Data Types        Wrapper Class
byte              Byte
short             Short
int               Integer
long              Long
float             Float
boolean           Boolean
char              Character

jshell> byte b = 1;
b ==> 1

jshell> b
b ==> 1

jshell> short sh = 1;
sh ==> 1

jshell> int i = 1;
i ==> 1

jshell> var longValue = 3_000_000_000L;
longValue ==> 3000000000

jshell> var floatValue = 300000000000.3212f;
floatValue ==> 2.99999986E11

jshell> System.out.println("the float value is" + floatValue);
the float value is2.99999986E11

jshell> byte b = 127;
b ==> 127

jshell> if (b < Byte.MAX_VALUE) {
   ...>     b++;
   ...> }

jshell> b
b ==> 127


Declaring an Object Variable
              identifier
ClothingItem item;
  Data Type

before initialize it will contain null value

Initializing an Object Variable

              identifier      Constructer method
ClothingItem item = new ClothingItem();
  Data Type          Keyword

var item = new ClothingItem(); => same result

After Initializing , you can set data values and call Methods
item.setType("Hat");
item.displayItem();

Handling currency values with BigDecimal

jshell> double value = .012;
value ==> 0.012

jshell> double pSum = value + value + value;
pSum ==> 0.036000000000000004

jshell> var stringValue = Double.toString(value);
stringValue ==> "0.012"

jshell> var bigValue = new BigDecimal(stringValue);
bigValue ==> 0.012

jshell> var bigSum = bigValue.add(bigValue).add(bigValue);
bigSum ==> 0.036

jshell> var sum = bigSum.doubleValue();
sum ==> 0.036

jshell> sum
sum ==> 0.036


Convert Values between numeric and Types

jshell> short sh = 100;
sh ==> 100

jshell> int i = sh;
i ==> 100

jshell> long longValue = i;
longValue ==> 100

jshell> short shortValue = longValue;
|  Error:
|  incompatible types: possible lossy conversion from long to short
|  short shortValue = longValue;
|                     ^-------^

jshell> short shortValue = (short) longValue;
shortValue ==> 100


Simple Math

jshell> var intValue = 56;
intValue ==> 56

jshell> var intValue2 = 56;
intValue2 ==> 56

jshell> var result1 = intValue + intValue2;
result1 ==> 112

jshell> var result2 = intValue - intValue2;
result2 ==> 0

jshell> var result3 = intValue * intValue2;
result3 ==> 3136

jshell> var result4 = intValue / intValue2;
result4 ==> 1

jshell> double  doubleValue = -3.99999;
doubleValue ==> -3.99999

jshell> long rounderd = Math.round(doubleValue);
rounderd ==> -4

jshell> double absValue = Math.abs(doubleValue);
absValue ==> 3.99999

Boolean Values

jshell> boolean aValue = true;
aValue ==> true

jshell> var b1 = true
b1 ==> true

jshell> var b2 = false
b2 ==> false

jshell> boolean b3;
b3 ==> false

jshell> var b4 = !b1;
b4 ==> false

jshell> var i = 0
i ==> 0

jshell> var b5 = (i != 0)
b5 ==> false

jshell> var s = "true"
s ==> "true"

jshell> var b6 = Boolean.parseBoolean(s)
b6 ==> true

Manage character calues as Primitive

jshell> char dollar = '\u0024'
dollar ==> '$'

jshell> var upper = Character.toUpperCase(c1)
upper ==> '1'

jshell> char c1 = 'a';
c1 ==> 'a'

jshell> var upper = Character.toUpperCase(c1)
upper ==> 'A'

jshell> char[] chars = {'h','e','l','l','o'}
chars ==> char[5] { 'h', 'e', 'l', 'l', 'o' }

jshell> String s = new String(chars)
s ==> "hello"

jshell> var charArray = s.toCharArray()
charArray ==> char[5] { 'h', 'e', 'l', 'l', 'o' }

Types of Operators

Equality
Assignment
Mathematical
Logical
Ternary

Assignment

int intValue; //defaults to 0
var intValue = 10;
                simple Assignment

Assignment and simple Math
var new value = intValue + 5;  15
var new value = intValue - 5;  5
var new value = intValue * 5;  50
var new value = intValue / 5;  2
var new value = intValue % 5; //remainder

More Assignments
intValue ++;  11
intValue --;  9
intValue += 5; 15
intValue -= 5;  5
intValue *= 5; 50
intValue /= 5;  2

Postfix and PreFix Incrementing

var intValue = 10;
                initial value

Postfix
System.out.println(intValue ++)

PreFix
Sytem.out.println(++ intValue);

Equality Operators
if (this == that) {
   System.out.println("They Match!");
}

InEquality
if (this != that) {
  System.out.println("No match!")
}

comparing values
>             greater than
<             less than
>=            greater than or equal
<=            less than or equal
isinstanceof  class identification

Comparing strings
do not use == to compare strings

String s1 = "Hello";
String s2 = "Hello";
if (s1.equals(s2)) {
  System.out.println("They match");
} else {
  System.out.println("No match")
}

Logical Operators
Operator  Purpose
&&        AND
||        OR
?=        Ternary(shorthand if-then)

var message = (i == 1) //bolean test
      ? "There is 1"   //result if true
      : "There are " + i; //result if false
System.out.println(message);

Manage strings values
declare and initialize string values
jshell> String s1 = "This is a string!"
s1 ==> "This is a string!"

jshell> var s2 = "This is another string!"
s2 ==> "This is another string!"

jshell> var s3 = new String("This is also a string!")
s3 ==> "This is also a string!"

jshell> var chars = s1.toCharArray();
chars ==> char[17] { 'T', 'h', 'i', 's', ' ', 'i', 's', ' ' ...  'r', 'i', 'n', 'g', '!' }

jshell> String S4 = "Shirt size: ";
S4 ==> "Shirt size: "

jshell> String S5 = "M";
S5 ==> "M"

jshell> String s6 = S4 + S5 + ", Qty: " + 4
s6 ==> "Shirt size: M, Qty: 4"

jshell> s6 += ", very elegant"
$8 ==> "Shirt size: M, Qty: 4, very elegant"

jshell> var upper = s6.toUpperCase()
upper ==> "SHIRT SIZE: M, QTY: 4, VERY ELEGANT"

jshell> var charAt = s6.charAt(4)
charAt ==> 't'

jshell> var bytes = s6.getBytes()
bytes ==> byte[35] { 83, 104, 105, 114, 116, 32, 115, 105,  ... , 101, 103, 97, 110, 116 }

String from multiple strings
jshell> var sb = new StringBuilder("welcome");
sb ==> welcome

jshell> sb.append(" to california");
$2 ==> welcome to california

jshell> var s = sb.toString();
s ==> "welcome to california"

jshell> StringBuilder b = new StringBuilder();
b ==>

jshell> b.append("Shirt size: ").append("M").append(", Qty: ").append(4);
$5 ==> Shirt size: M, Qty: 4

jshell> var s2 = b.toString();
s2 ==> "Shirt size: M, Qty: 4"

jshell> /save builder.java


Convert primitive to strings

        int result = 10 + 12;
        String answer = "The answer is " + result;
        System.out.println(answer);

        String howMany = 20 + " things";
        System.out.println(howMany);

        var result2 = 10 + 20;

        int intValue = 42;
        var fromInt = Integer.toString(intValue);
        System.out.println(fromInt);

        boolean boolValue = true;
        var fromBool = Boolean.toString(boolValue);
        System.out.println(fromBool);

        long longValue = 10_000_000;
        var fromLong = Long.toString(longValue);
        System.out.println(fromLong);

Format numeric Values as strings
var doubleValue = 10_000_000.53;

var numF = NumberFormat.getNumberInstance();
System.out.println("Numer: " + numF.format(doubleValue));

 var intF = NumberFormat.getIntegerInstance();
System.out.println("Number: " + intF.format(doubleValue));

intF.setGroupingUsed(false);
System.out.println("Numer: " + intF.format(doubleValue));

//default loclae
//var locale = Locale.getDefault();
//specific locale
var locale = new Locale("de", "DE");
var localeFormatter = NumberFormat.getNumberInstance(locale);
System.out.println("Number: " + localeFormatter.format(doubleValue));

var currencyFormatter = NumberFormat.getCurrencyInstance(locale);
System.out.println(currencyFormatter.format(doubleValue));

var df = new DecimalFormat("$00.00");
System.out.println(df.format(1));

String interpolation with placeholder
var item = "Shirt";
var size = "M";
var price = 14.99;
var color = "Red";

var template = "Clothing item: %s, size %s, color %s, $%.2f";
var itemString = String.format(template,
        item,size,color,price);
System.out.println(itemString);


Comparing string Values
String s1 = "Hello!";
var s2 = "Hello!";

if (s1 == s2) {
    System.out.println("they match!");
} else {
    System.out.println("they don't match!");
}

//here we are comparing object!!! not the values....
String s3 = new String("Hello!");
String s4 = new String("Hello!");
if (s3 == s4) {
    System.out.println("they match!");
} else {
    System.out.println("they don't match!");
}

//here we are actually comparing the values!!!
if (s3.equals(s4)) {
    System.out.println("they match!");
} else {
    System.out.println("they don't match!");
}

Parse strings
var s1 = "Welcome to California!";
System.out.println("length of string: " + s1.length());

int position = s1.indexOf("California");
System.out.println("the position is " + position);

var sub = s1.substring(11);
System.out.println(sub);

String s2 = "welcome!     ";
var len = s2.length();
System.out.println(len);
var trimmed = s2.trim().length();
System.out.println(trimmed);

length of string: 22
the position is 11
California!
13
8

Strings from user input

var scanner = new Scanner(System.in);

System.out.println("Enter a value: ");
var input = scanner.nextLine();
System.out.println(input);

System.out.println("Enter number1: ");
var num1= scanner.nextInt();
System.out.println("Enter number2: ");
var num2= scanner.nextInt();

var sum = num1 + num2;
System.out.println("the result is: " + sum);


var scanner = new Scanner(System.in);

System.out.println("enter numeric 1: ");
var num1 = scanner.nextDouble();
System.out.println("enter numeric 2: ");
var num2 = scanner.nextDouble();

var divide = num1 / num2;
System.out.println("the answer is: " + divide);


Manage Program Flow

Evaluate conditions with if-else
var scanner = new Scanner(System.in);
System.out.print("Enter a month number (1-12): ");
var monthNumber = scanner.nextInt();

String message;
if (monthNumber < 1 || monthNumber > 12) {
    message = "that isn't a valid month!";
} else if (monthNumber <= 3) {
    message = "that's in q1";
} else if (monthNumber <= 6) {
    message= "that's in q2";
} else {
    message = "that isn't in first half of the year";
}
System.out.println(message);

//var scanner = new Scanner(System.in);
//System.out.print("Enter a month number (1-12): ");
//var monthNumber = scanner.nextInt();

var now = LocalDateTime.now();
var monthNumber = now.getMonthValue();

String message;
//if (monthNumber < 1 || monthNumber > 12) {
//    message = "that isn't a valid month!";
//} else
if (monthNumber <= 3) {
    message = "that's in q1";
} else if (monthNumber <= 6) {
    message= "that's in q2";
} else {
    message = "that isn't in first half of the year";
}
System.out.println(message);

Evaluate conditions with switch-case

        var now = LocalDateTime.now();
        var monthNumber = now.getMonthValue();

        switch (monthNumber) {
            case 1:
                System.out.println("the month is January");
                break;
            case 2:
                System.out.println("the month is february");
                break;
            case 3:
                System.out.println("the month is march");
                break;
            case 9:
            case 10:
            case 11:
                System.out.println("it's the 4th quarter");
                break;
            default:
                System.out.println("you chose another month");
        }

Looping

String[] months =
                {"January", "February", "March",
                        "April", "May", "June",
                        "July", "August", "September",
                        "October", "November", "December"};

        //for (int i = 0; i < months.length; i++) {
        //    System.out.println(months[i]);
        //}

        //for (var month : months) {
        //    System.out.println(month);
        //}

        //var whileCounter = 0;
        //while (whileCounter < months.length) {
        //    System.out.println(months[whileCounter]);
        //    whileCounter++;
        //}

        var doCounter = 0;
        while (doCounter < months.length) {
            System.out.println(months[doCounter]);
            doCounter++;
        }

Methods

var sc = new Scanner(System.in);

double d1 = getInput(sc, "enter value 1: ");

double d2 = getInput(sc, "enter value 2: ");

double result = d1 / d2;

System.out.println("The answer is " + result);
}

private static double getInput(Scanner sc, String prompt) {
System.out.print(prompt);
return sc.nextDouble();
}

Overloaded Methods
public static void main(String[] args) {
        Scanner sc = new Scanner(System.in);
        var i1 = getInput(sc, "Enter value 1: ");
        var i2 = getInput(sc, "Enter value 2: ");

        double result = addValues(i1, i2);
        System.out.println("The sum is " + result);

        double resultOfFour = addValues(i1, i2, i1, i2);
        System.out.println("The sum of 4 is " + resultOfFour);

        double resultOfMultiple = addValues(i1, i2, i1, i2, i1, i2);
        System.out.println("The sum of multiple is " + resultOfMultiple);
    }

    private static int getInput(Scanner sc, String prompt) {
        System.out.print(prompt);
        return sc.nextInt();
    }

    private static double addValues(int i1, int i2) {
        return i1 + i2;
    }

    private static double addValues(int i1, int i2, int i3, int i4) {
        return i1 + i2 + i3 + i4;
    }

    private static double addValues(int... values){
        int result = 0;
        for (var value : values) {
            result += value;
        }
        return result;
    }

Try catch

surround the code => code => surround with => try catch

String s = null;
        try {
            var sub = s.substring(1);
        } catch (Exception e) {
            e.printStackTrace();
        }
        System.out.println("not dead");
    }

Close Object

var file = new File( "hello.txt");
        System.out.println("File exists: " + file.exists());

        try (FileReader reader = new FileReader(file);
             BufferedReader br = new BufferedReader(reader)){
            var text = br.readLine();
            System.out.println(text);
        } catch (IOException e) {
            e.printStackTrace();
        }

because of () on the FileReader and BufferedReader the file is closed automatically
